=== watch start 2026-06-10T15:09:34Z pid=331022 ===
2026-06-10T15:09:34Z  [COLLECT] gpu=0 %, 0 MiB  |   [   800/8000] workers=[34, 33, 33, 33, 34, 34, 33, 33, 34, 33, 34, 33, 33, 33, 33, 34, 33, 34, 33, 33, 33, 34, 33, 33] 0.79 ep/s  elapsed 0:16:51  ETA 2:31:44
2026-06-10T15:11:34Z  [COLLECT] gpu=0 %, 0 MiB  |   [   902/8000] workers=[38, 37, 37, 37, 38, 38, 37, 37, 38, 37, 38, 38, 38, 38, 37, 38, 38, 38, 38, 37, 37, 38, 38, 37] 0.79 ep/s  elapsed 0:18:56  ETA 2:29:05
2026-06-10T15:13:34Z  [COLLECT] gpu=0 %, 0 MiB  |   [  1000/8000] workers=[42, 42, 41, 41, 42, 42, 42, 41, 42, 41, 42, 42, 42, 42, 41, 42, 42, 42, 42, 41, 41, 42, 42, 41] 0.80 ep/s  elapsed 0:20:56  ETA 2:26:38
2026-06-10T15:15:34Z  [COLLECT] gpu=0 %, 0 MiB  |   [  1102/8000] workers=[47, 46, 46, 46, 46, 46, 46, 45, 46, 45, 46, 46, 46, 46, 45, 46, 46, 46, 46, 45, 46, 47, 46, 46] 0.79 ep/s  elapsed 0:23:07  ETA 2:24:42
2026-06-10T15:17:34Z  [COLLECT] gpu=0 %, 0 MiB  |   [  1201/8000] workers=[51, 50, 50, 50, 50, 50, 50, 49, 51, 49, 50, 51, 50, 50, 49, 50, 50, 50, 50, 50, 50, 51, 50, 50] 0.79 ep/s  elapsed 0:25:12  ETA 2:22:41
2026-06-10T15:19:34Z  [COLLECT] gpu=0 %, 0 MiB  |   [  1201/8000] workers=[51, 50, 50, 50, 50, 50, 50, 49, 51, 49, 50, 51, 50, 50, 49, 50, 50, 50, 50, 50, 50, 51, 50, 50] 0.79 ep/s  elapsed 0:25:12  ETA 2:22:41
2026-06-10T15:21:34Z  [COLLECT] gpu=0 %, 0 MiB  |   [  1303/8000] workers=[55, 54, 54, 54, 54, 54, 55, 54, 55, 53, 54, 55, 54, 54, 54, 54, 55, 54, 55, 54, 54, 55, 55, 54] 0.80 ep/s  elapsed 0:27:17  ETA 2:20:16
2026-06-10T15:23:35Z  [COLLECT] gpu=0 %, 0 MiB  |   [  1400/8000] workers=[59, 59, 58, 58, 58, 58, 59, 58, 59, 57, 58, 59, 58, 58, 58, 58, 59, 58, 59, 58, 58, 59, 59, 58] 0.80 ep/s  elapsed 0:29:17  ETA 2:18:06
2026-06-10T15:25:35Z  [COLLECT] gpu=0 %, 0 MiB  |   [  1503/8000] workers=[63, 63, 62, 62, 62, 63, 63, 62, 63, 62, 63, 63, 63, 63, 62, 63, 63, 62, 63, 62, 62, 64, 63, 62] 0.80 ep/s  elapsed 0:31:22  ETA 2:15:38
2026-06-10T15:27:35Z  [COLLECT] gpu=0 %, 0 MiB  |   [  1601/8000] workers=[67, 66, 67, 66, 66, 67, 67, 66, 67, 65, 67, 67, 67, 67, 66, 67, 67, 67, 67, 66, 67, 68, 67, 67] 0.80 ep/s  elapsed 0:33:22  ETA 2:13:25
2026-06-10T15:29:35Z  [COLLECT] gpu=0 %, 0 MiB  |   [  1703/8000] workers=[72, 71, 71, 70, 70, 71, 71, 71, 71, 70, 71, 72, 71, 71, 70, 71, 71, 71, 72, 70, 71, 72, 71, 71] 0.80 ep/s  elapsed 0:35:28  ETA 2:11:09
2026-06-10T15:31:35Z  [COLLECT] gpu=0 %, 0 MiB  |   [  1802/8000] workers=[76, 75, 75, 74, 74, 75, 75, 75, 76, 74, 75, 76, 75, 75, 74, 75, 76, 75, 76, 75, 75, 76, 75, 75] 0.80 ep/s  elapsed 0:37:33  ETA 2:09:10
2026-06-10T15:33:35Z  [COLLECT] gpu=0 %, 0 MiB  |   [  1901/8000] workers=[80, 79, 79, 78, 79, 79, 79, 79, 80, 79, 79, 80, 79, 79, 78, 79, 80, 79, 80, 79, 79, 80, 80, 79] 0.80 ep/s  elapsed 0:39:38  ETA 2:07:11
2026-06-10T15:35:35Z  [COLLECT] gpu=0 %, 0 MiB  |   [  2001/8000] workers=[84, 83, 83, 83, 83, 84, 83, 83, 84, 83, 83, 84, 84, 83, 82, 84, 84, 83, 84, 83, 83, 84, 84, 83] 0.80 ep/s  elapsed 0:41:43  ETA 2:05:06
2026-06-10T15:37:35Z  [COLLECT] gpu=0 %, 0 MiB  |   [  2102/8000] workers=[88, 87, 88, 87, 87, 88, 87, 87, 89, 87, 88, 89, 88, 88, 86, 88, 88, 87, 88, 87, 87, 88, 88, 87] 0.80 ep/s  elapsed 0:43:48  ETA 2:02:56
2026-06-10T15:39:35Z  [COLLECT] gpu=0 %, 0 MiB  |   [  2202/8000] workers=[92, 92, 92, 91, 91, 92, 91, 91, 93, 91, 92, 93, 92, 92, 90, 92, 92, 91, 93, 92, 92, 92, 92, 91] 0.80 ep/s  elapsed 0:45:54  ETA 2:00:51
2026-06-10T15:41:35Z  [COLLECT] gpu=0 %, 0 MiB  |   [  2301/8000] workers=[96, 96, 96, 95, 96, 96, 95, 95, 97, 95, 96, 97, 96, 96, 95, 96, 97, 95, 97, 96, 96, 96, 96, 95] 0.80 ep/s  elapsed 0:47:54  ETA 1:58:38
2026-06-10T15:43:35Z  [COLLECT] gpu=0 %, 0 MiB  |   [  2400/8000] workers=[101, 100, 100, 99, 100, 100, 99, 99, 101, 100, 100, 101, 100, 100, 99, 100, 101, 100, 101, 100, 100, 100, 100, 99] 0.80 ep/s  elapsed 0:49:59  ETA 1:56:38
2026-06-10T15:45:35Z  [COLLECT] gpu=0 %, 0 MiB  |   [  2502/8000] workers=[105, 104, 105, 103, 104, 104, 104, 103, 105, 104, 104, 105, 104, 105, 103, 104, 105, 104, 105, 104, 104, 105, 105, 104] 0.80 ep/s  elapsed 0:52:04  ETA 1:54:26
2026-06-10T15:47:36Z  [COLLECT] gpu=0 %, 0 MiB  |   [  2602/8000] workers=[109, 109, 108, 108, 108, 109, 108, 108, 109, 108, 108, 109, 109, 109, 107, 108, 109, 108, 109, 109, 108, 108, 109, 108] 0.80 ep/s  elapsed 0:54:09  ETA 1:52:21
2026-06-10T15:49:36Z  [COLLECT] gpu=0 %, 0 MiB  |   [  2701/8000] workers=[113, 113, 112, 112, 112, 113, 112, 112, 114, 112, 112, 113, 113, 113, 112, 112, 113, 112, 113, 113, 113, 112, 113, 112] 0.80 ep/s  elapsed 0:56:09  ETA 1:50:11
2026-06-10T15:51:36Z  [COLLECT] gpu=0 %, 0 MiB  |   [  2800/8000] workers=[117, 117, 116, 116, 116, 117, 116, 116, 118, 116, 116, 117, 117, 117, 116, 117, 118, 116, 117, 117, 117, 117, 117, 116] 0.80 ep/s  elapsed 0:58:15  ETA 1:48:11
2026-06-10T15:53:36Z  [COLLECT] gpu=0 %, 0 MiB  |   [  2901/8000] workers=[122, 121, 121, 120, 120, 121, 120, 120, 122, 120, 121, 122, 121, 121, 120, 121, 122, 120, 121, 121, 121, 121, 122, 120] 0.80 ep/s  elapsed 1:00:20  ETA 1:46:03
2026-06-10T15:55:36Z  [COLLECT] gpu=0 %, 0 MiB  |   [  3002/8000] workers=[126, 125, 125, 124, 125, 126, 124, 124, 126, 125, 125, 126, 125, 125, 124, 125, 126, 124, 126, 126, 125, 125, 126, 124] 0.80 ep/s  elapsed 1:02:25  ETA 1:43:55
2026-06-10T15:57:36Z  [COLLECT] gpu=0 %, 0 MiB  |   [  3102/8000] workers=[130, 130, 129, 128, 129, 130, 128, 128, 131, 129, 129, 130, 129, 129, 129, 129, 130, 129, 130, 130, 129, 129, 130, 128] 0.80 ep/s  elapsed 1:04:30  ETA 1:41:51
2026-06-10T15:59:36Z  [COLLECT] gpu=0 %, 0 MiB  |   [  3201/8000] workers=[134, 134, 133, 132, 133, 134, 133, 132, 135, 133, 133, 134, 133, 134, 133, 134, 134, 133, 134, 134, 133, 133, 134, 132] 0.80 ep/s  elapsed 1:06:30  ETA 1:39:43
2026-06-10T16:01:36Z  [COLLECT] gpu=0 %, 0 MiB  |   [  3301/8000] workers=[138, 138, 137, 136, 137, 139, 137, 136, 139, 137, 137, 139, 137, 138, 137, 138, 138, 137, 138, 138, 137, 138, 138, 137] 0.80 ep/s  elapsed 1:08:36  ETA 1:37:39
2026-06-10T16:03:36Z  [COLLECT] gpu=0 %, 0 MiB  |   [  3400/8000] workers=[142, 142, 142, 140, 141, 143, 141, 140, 143, 142, 141, 143, 141, 142, 141, 142, 142, 141, 142, 142, 141, 142, 143, 141] 0.80 ep/s  elapsed 1:10:41  ETA 1:35:38
2026-06-10T16:05:36Z  [COLLECT] gpu=0 %, 0 MiB  |   [  3503/8000] workers=[147, 147, 146, 145, 146, 147, 145, 145, 147, 146, 145, 147, 146, 146, 145, 146, 146, 145, 146, 147, 145, 146, 147, 145] 0.80 ep/s  elapsed 1:12:46  ETA 1:33:25
2026-06-10T16:07:36Z  [COLLECT] gpu=0 %, 0 MiB  |   [  3605/8000] workers=[151, 151, 150, 149, 150, 152, 149, 149, 151, 150, 149, 151, 150, 151, 149, 151, 151, 149, 151, 151, 150, 150, 151, 149] 0.80 ep/s  elapsed 1:14:51  ETA 1:31:15
2026-06-10T16:09:37Z  [COLLECT] gpu=0 %, 0 MiB  |   [  3706/8000] workers=[155, 155, 154, 153, 154, 156, 154, 153, 156, 154, 153, 156, 154, 155, 153, 155, 155, 153, 155, 155, 154, 155, 155, 154] 0.80 ep/s  elapsed 1:16:56  ETA 1:29:09
2026-06-10T16:11:37Z  [COLLECT] gpu=0 %, 0 MiB  |   [  3804/8000] workers=[159, 159, 158, 157, 158, 160, 158, 157, 160, 158, 157, 160, 158, 159, 158, 159, 159, 158, 159, 159, 158, 159, 159, 158] 0.80 ep/s  elapsed 1:18:56  ETA 1:27:05
2026-06-10T16:13:37Z  [COLLECT] gpu=0 %, 0 MiB  |   [  3901/8000] workers=[163, 163, 162, 161, 162, 164, 162, 161, 164, 162, 161, 164, 162, 163, 162, 163, 164, 162, 163, 163, 162, 163, 163, 162] 0.80 ep/s  elapsed 1:21:02  ETA 1:25:08
2026-06-10T16:15:37Z  [COLLECT] gpu=0 %, 0 MiB  |   [  4000/8000] workers=[167, 168, 166, 165, 166, 168, 166, 165, 168, 167, 165, 168, 167, 167, 166, 168, 168, 165, 167, 167, 166, 167, 167, 166] 0.80 ep/s  elapsed 1:23:02  ETA 1:23:02
2026-06-10T16:17:37Z  [COLLECT] gpu=0 %, 0 MiB  |   [  4103/8000] workers=[172, 172, 171, 170, 170, 173, 171, 169, 172, 171, 169, 172, 171, 171, 170, 172, 172, 170, 171, 172, 170, 171, 171, 170] 0.80 ep/s  elapsed 1:25:12  ETA 1:20:55
2026-06-10T16:19:37Z  [COLLECT] gpu=0 %, 0 MiB  |   [  4201/8000] workers=[176, 176, 175, 174, 175, 177, 174, 173, 176, 175, 173, 176, 175, 175, 175, 176, 176, 174, 176, 176, 174, 175, 175, 174] 0.80 ep/s  elapsed 1:27:12  ETA 1:18:51
2026-06-10T16:21:37Z  [COLLECT] gpu=0 %, 0 MiB  |   [  4303/8000] workers=[180, 180, 179, 178, 179, 181, 179, 177, 180, 179, 177, 181, 179, 179, 179, 180, 180, 179, 180, 180, 179, 179, 180, 179] 0.80 ep/s  elapsed 1:29:17  ETA 1:16:43
2026-06-10T16:23:37Z  [COLLECT] gpu=0 %, 0 MiB  |   [  4303/8000] workers=[180, 180, 179, 178, 179, 181, 179, 177, 180, 179, 177, 181, 179, 179, 179, 180, 180, 179, 180, 180, 179, 179, 180, 179] 0.80 ep/s  elapsed 1:29:17  ETA 1:16:43
2026-06-10T16:25:37Z  [COLLECT] gpu=0 %, 0 MiB  |   [  4404/8000] workers=[184, 185, 183, 182, 183, 185, 183, 182, 185, 183, 182, 185, 183, 184, 183, 184, 184, 183, 184, 184, 183, 183, 184, 183] 0.80 ep/s  elapsed 1:31:22  ETA 1:14:37
2026-06-10T16:27:37Z  [COLLECT] gpu=0 %, 0 MiB  |   [  4500/8000] workers=[188, 188, 188, 186, 187, 189, 187, 186, 189, 187, 186, 189, 187, 188, 187, 188, 188, 187, 188, 188, 187, 187, 188, 187] 0.80 ep/s  elapsed 1:33:23  ETA 1:12:38
2026-06-10T16:29:37Z  [COLLECT] gpu=0 %, 0 MiB  |   [  4600/8000] workers=[193, 192, 192, 190, 191, 193, 191, 190, 193, 191, 190, 193, 192, 192, 191, 192, 192, 191, 192, 193, 191, 192, 192, 191] 0.80 ep/s  elapsed 1:35:28  ETA 1:10:33
2026-06-10T16:31:37Z  [COLLECT] gpu=0 %, 0 MiB  |   [  4704/8000] workers=[197, 197, 196, 195, 195, 198, 195, 194, 197, 196, 194, 198, 196, 196, 196, 197, 196, 195, 196, 197, 195, 196, 196, 196] 0.80 ep/s  elapsed 1:37:38  ETA 1:08:24
2026-06-10T16:33:37Z  [COLLECT] gpu=0 %, 0 MiB  |   [  4801/8000] workers=[201, 201, 200, 199, 199, 202, 199, 199, 201, 200, 198, 202, 200, 200, 200, 201, 200, 199, 200, 201, 199, 200, 200, 200] 0.80 ep/s  elapsed 1:39:38  ETA 1:06:23
2026-06-10T16:35:38Z  [COLLECT] gpu=0 %, 0 MiB  |   [  4902/8000] workers=[205, 205, 205, 203, 203, 206, 203, 203, 205, 204, 203, 206, 204, 204, 204, 205, 205, 203, 205, 205, 203, 204, 205, 204] 0.80 ep/s  elapsed 1:41:43  ETA 1:04:17
2026-06-10T16:37:38Z  [COLLECT] gpu=0 %, 0 MiB  |   [  5000/8000] workers=[210, 209, 209, 207, 207, 210, 208, 207, 209, 208, 207, 210, 208, 208, 208, 209, 209, 207, 209, 209, 207, 208, 209, 208] 0.80 ep/s  elapsed 1:43:49  ETA 1:02:17
2026-06-10T16:39:38Z  [COLLECT] gpu=0 %, 0 MiB  |   [  5104/8000] workers=[214, 213, 213, 211, 212, 214, 212, 211, 214, 213, 211, 214, 213, 213, 212, 213, 213, 212, 214, 213, 211, 213, 213, 212] 0.80 ep/s  elapsed 1:45:54  ETA 1:00:05
2026-06-10T16:41:38Z  [COLLECT] gpu=0 %, 0 MiB  |   [  5201/8000] workers=[218, 217, 217, 215, 216, 218, 216, 215, 218, 217, 215, 218, 217, 217, 217, 218, 217, 216, 217, 217, 215, 217, 217, 216] 0.80 ep/s  elapsed 1:47:54  ETA 0:58:04
2026-06-10T16:43:38Z  [COLLECT] gpu=0 %, 0 MiB  |   [  5300/8000] workers=[222, 221, 221, 219, 220, 223, 220, 220, 222, 221, 219, 222, 221, 221, 221, 222, 221, 220, 222, 221, 219, 221, 221, 220] 0.80 ep/s  elapsed 1:49:59  ETA 0:56:02
2026-06-10T16:45:38Z  [COLLECT] gpu=0 %, 0 MiB  |   [  5400/8000] workers=[227, 226, 225, 223, 224, 227, 224, 224, 226, 225, 223, 226, 225, 225, 225, 226, 225, 224, 226, 226, 223, 225, 225, 225] 0.80 ep/s  elapsed 1:52:04  ETA 0:53:57
2026-06-10T16:47:38Z  [COLLECT] gpu=0 %, 0 MiB  |   [  5501/8000] workers=[231, 230, 230, 227, 228, 231, 228, 228, 231, 229, 227, 231, 229, 229, 229, 230, 229, 228, 230, 230, 228, 229, 230, 229] 0.80 ep/s  elapsed 1:54:09  ETA 0:51:51
2026-06-10T16:49:38Z  [COLLECT] gpu=0 %, 0 MiB  |   [  5601/8000] workers=[235, 234, 234, 231, 233, 236, 233, 232, 235, 233, 231, 235, 233, 233, 233, 234, 234, 232, 234, 234, 232, 233, 234, 233] 0.80 ep/s  elapsed 1:56:15  ETA 0:49:47
2026-06-10T16:51:38Z  [COLLECT] gpu=0 %, 0 MiB  |   [  5701/8000] workers=[239, 239, 238, 236, 237, 240, 237, 236, 239, 237, 235, 239, 238, 237, 237, 239, 238, 236, 238, 238, 236, 237, 238, 237] 0.80 ep/s  elapsed 1:58:20  ETA 0:47:43
2026-06-10T16:53:38Z  [COLLECT] gpu=0 %, 0 MiB  |   [  5800/8000] workers=[243, 243, 242, 240, 241, 244, 241, 240, 243, 242, 239, 243, 242, 242, 241, 243, 242, 240, 243, 242, 240, 241, 242, 241] 0.80 ep/s  elapsed 2:00:20  ETA 0:45:38
2026-06-10T16:55:38Z  [COLLECT] gpu=0 %, 0 MiB  |   [  5901/8000] workers=[247, 247, 246, 244, 245, 248, 245, 244, 247, 246, 244, 247, 246, 246, 246, 247, 246, 245, 247, 246, 244, 245, 247, 246] 0.80 ep/s  elapsed 2:02:25  ETA 0:43:32
2026-06-10T16:57:38Z  [COLLECT] gpu=0 %, 0 MiB  |   [  6002/8000] workers=[252, 251, 250, 248, 249, 253, 249, 249, 252, 250, 248, 252, 250, 250, 250, 251, 250, 249, 251, 250, 248, 249, 251, 250] 0.80 ep/s  elapsed 2:04:35  ETA 0:41:28
2026-06-10T16:59:38Z  [COLLECT] gpu=0 %, 0 MiB  |   [  6107/8000] workers=[256, 255, 255, 252, 254, 257, 254, 253, 256, 254, 252, 256, 254, 254, 254, 256, 255, 253, 256, 255, 253, 254, 255, 254] 0.80 ep/s  elapsed 2:06:41  ETA 0:39:16
2026-06-10T17:01:38Z  [COLLECT] gpu=0 %, 0 MiB  |   [  6201/8000] workers=[260, 259, 259, 256, 258, 261, 258, 257, 260, 258, 256, 260, 258, 258, 258, 260, 259, 257, 259, 259, 257, 257, 259, 258] 0.80 ep/s  elapsed 2:08:41  ETA 0:37:20
2026-06-10T17:03:39Z  [COLLECT] gpu=0 %, 0 MiB  |   [  6303/8000] workers=[264, 264, 263, 260, 262, 265, 262, 261, 264, 262, 260, 265, 263, 263, 262, 264, 263, 261, 264, 263, 261, 262, 263, 262] 0.80 ep/s  elapsed 2:10:46  ETA 0:35:12
2026-06-10T17:05:39Z  [COLLECT] gpu=0 %, 0 MiB  |   [  6402/8000] workers=[268, 268, 267, 264, 266, 269, 266, 265, 269, 266, 264, 269, 267, 267, 267, 268, 267, 265, 268, 267, 265, 266, 267, 267] 0.80 ep/s  elapsed 2:12:51  ETA 0:33:09
2026-06-10T17:07:39Z  [COLLECT] gpu=0 %, 0 MiB  |   [  6502/8000] workers=[272, 272, 271, 269, 270, 273, 270, 269, 273, 270, 269, 273, 271, 271, 271, 273, 272, 269, 272, 271, 269, 270, 271, 271] 0.80 ep/s  elapsed 2:14:56  ETA 0:31:05
2026-06-10T17:09:39Z  [COLLECT] gpu=0 %, 0 MiB  |   [  6605/8000] workers=[277, 276, 276, 273, 275, 278, 274, 273, 277, 275, 273, 277, 275, 275, 275, 277, 276, 274, 276, 275, 273, 274, 276, 275] 0.80 ep/s  elapsed 2:17:01  ETA 0:28:56
2026-06-10T17:11:39Z  [COLLECT] gpu=0 %, 0 MiB  |   [  6702/8000] workers=[281, 280, 280, 277, 278, 282, 278, 277, 281, 279, 277, 281, 279, 279, 279, 281, 280, 278, 280, 280, 278, 278, 280, 279] 0.80 ep/s  elapsed 2:19:02  ETA 0:26:55
2026-06-10T17:13:39Z  [COLLECT] gpu=0 %, 0 MiB  |   [  6801/8000] workers=[285, 284, 284, 281, 283, 286, 283, 281, 285, 283, 281, 285, 283, 283, 283, 285, 284, 282, 284, 284, 282, 283, 284, 283] 0.80 ep/s  elapsed 2:21:07  ETA 0:24:52
2026-06-10T17:15:39Z  [COLLECT] gpu=0 %, 0 MiB  |   [  6900/8000] workers=[289, 289, 288, 285, 287, 290, 287, 285, 289, 287, 285, 290, 287, 287, 287, 289, 288, 286, 289, 288, 286, 287, 288, 287] 0.80 ep/s  elapsed 2:23:12  ETA 0:22:49
2026-06-10T17:17:39Z  [COLLECT] gpu=0 %, 0 MiB  |   [  7000/8000] workers=[294, 293, 292, 290, 291, 294, 291, 290, 293, 291, 289, 294, 291, 291, 291, 293, 292, 290, 293, 292, 290, 291, 293, 291] 0.80 ep/s  elapsed 2:25:17  ETA 0:20:45
2026-06-10T17:19:39Z  [COLLECT] gpu=0 %, 0 MiB  |   [  7000/8000] workers=[294, 293, 292, 290, 291, 294, 291, 290, 293, 291, 289, 294, 291, 291, 291, 293, 292, 290, 293, 292, 290, 291, 293, 291] 0.80 ep/s  elapsed 2:25:17  ETA 0:20:45
2026-06-10T17:21:39Z  [COLLECT] gpu=0 %, 0 MiB  |   [  7103/8000] workers=[298, 297, 296, 294, 295, 299, 295, 294, 297, 295, 293, 298, 295, 296, 296, 298, 297, 295, 297, 296, 294, 295, 297, 296] 0.80 ep/s  elapsed 2:27:22  ETA 0:18:36
2026-06-10T17:23:39Z  [COLLECT] gpu=0 %, 0 MiB  |   [  7202/8000] workers=[302, 301, 300, 298, 299, 303, 299, 298, 302, 300, 298, 302, 299, 300, 300, 302, 301, 299, 301, 300, 298, 299, 301, 300] 0.80 ep/s  elapsed 2:29:28  ETA 0:16:33
2026-06-10T17:25:39Z  [COLLECT] gpu=0 %, 0 MiB  |   [  7303/8000] workers=[307, 305, 305, 302, 303, 307, 303, 302, 306, 304, 302, 307, 304, 304, 304, 306, 305, 303, 305, 304, 303, 303, 305, 304] 0.80 ep/s  elapsed 2:31:33  ETA 0:14:27
2026-06-10T17:27:39Z  [COLLECT] gpu=0 %, 0 MiB  |   [  7406/8000] workers=[311, 309, 309, 306, 308, 312, 307, 306, 310, 308, 306, 311, 308, 308, 308, 310, 310, 307, 310, 309, 307, 308, 310, 308] 0.80 ep/s  elapsed 2:33:43  ETA 0:12:19
2026-06-10T17:29:40Z  [COLLECT] gpu=0 %, 0 MiB  |   [  7501/8000] workers=[315, 313, 313, 310, 312, 316, 311, 311, 314, 312, 310, 315, 312, 312, 312, 314, 313, 312, 314, 313, 310, 311, 314, 312] 0.80 ep/s  elapsed 2:35:43  ETA 0:10:21
2026-06-10T17:31:40Z  [COLLECT] gpu=0 %, 0 MiB  |   [  7604/8000] workers=[320, 317, 317, 314, 316, 320, 316, 315, 318, 316, 314, 319, 316, 317, 316, 319, 318, 316, 318, 317, 315, 316, 318, 316] 0.80 ep/s  elapsed 2:37:48  ETA 0:08:13
2026-06-10T17:33:40Z  [COLLECT] gpu=0 %, 0 MiB  |   [  7700/8000] workers=[324, 321, 321, 318, 320, 324, 319, 319, 322, 320, 318, 323, 320, 321, 320, 323, 322, 320, 322, 321, 319, 320, 322, 321] 0.80 ep/s  elapsed 2:39:48  ETA 0:06:13
2026-06-10T17:35:40Z  [COLLECT] gpu=0 %, 0 MiB  |   [  7800/8000] workers=[328, 326, 325, 322, 324, 328, 324, 323, 327, 325, 322, 327, 324, 325, 324, 327, 326, 324, 326, 325, 323, 324, 326, 325] 0.80 ep/s  elapsed 2:41:54  ETA 0:04:09
2026-06-10T17:37:40Z  [COLLECT] gpu=0 %, 0 MiB  |   [  7900/8000] workers=[332, 330, 329, 326, 328, 332, 328, 327, 331, 329, 327, 331, 329, 329, 328, 331, 330, 328, 331, 329, 328, 328, 330, 329] 0.80 ep/s  elapsed 2:43:59  ETA 0:02:04
2026-06-10T17:39:40Z  [COLLECT] gpu=0 %, 0 MiB  | All workers done in 2:46:24. Kept 7270 episodes. Merging into dataset_cube_stack.npz ...
2026-06-10T17:41:40Z  [MERGE/POST-COLLECT] gpu=0 %, 0 MiB  | dataset_cube_stack.npz present
2026-06-10T17:43:40Z  *** TRAIN STARTED — GPU now: 48 %, 1969 MiB  ***
2026-06-10T17:43:40Z  [TRAIN] gpu=48 %, 1969 MiB  | model: 13.20M params, bottleneck=256, chunk=8, img_hw=(256, 256)
2026-06-10T17:45:40Z  [TRAIN] gpu=43 %, 1971 MiB  | epoch   1/25  train 0.09544  val 0.02581  lr 3.00e-04   92.3s  <- best, saved
2026-06-10T17:47:40Z  [TRAIN] gpu=33 %, 1971 MiB  | epoch   3/25  train 0.01653  val 0.01408  lr 2.95e-04   91.0s  <- best, saved
2026-06-10T17:49:40Z  [TRAIN] gpu=43 %, 1971 MiB  | epoch   4/25  train 0.01321  val 0.01185  lr 2.89e-04   90.3s  <- best, saved
2026-06-10T17:51:40Z  [TRAIN] gpu=33 %, 1971 MiB  |   [eval epoch 5] launched bg subprocess pid=348085
2026-06-10T17:53:40Z  [TRAIN] gpu=0 %, 1971 MiB  | epoch   7/25  train 0.00842  val 0.00767  lr 2.59e-04   94.3s  <- best, saved
2026-06-10T17:55:41Z  [TRAIN] gpu=48 %, 1971 MiB  | epoch   8/25  train 0.00749  val 0.00759  lr 2.46e-04   94.5s  <- best, saved
2026-06-10T17:57:41Z  [TRAIN] gpu=46 %, 1971 MiB  | epoch   9/25  train 0.00678  val 0.00674  lr 2.30e-04   93.8s  <- best, saved
2026-06-10T17:59:41Z  [TRAIN] gpu=23 %, 1971 MiB  |   [eval epoch 10] launched bg subprocess pid=349203
2026-06-10T18:01:41Z  [TRAIN] gpu=48 %, 1971 MiB  | epoch  11/25  train 0.00566  val 0.00557  lr 1.96e-04  112.1s  <- best, saved
2026-06-10T18:03:41Z  [TRAIN] gpu=0 %, 1971 MiB  | epoch  12/25  train 0.00505  val 0.00598  lr 1.78e-04  108.8s
2026-06-10T18:05:41Z  [TRAIN] gpu=28 %, 1971 MiB  |   [eval epoch 5] 76/100 = 76.0%  (sel=95 grasp=95 place_on_top=76)
2026-06-10T18:07:42Z  [TRAIN] gpu=47 %, 1971 MiB  |   [eval epoch 15] launched bg subprocess pid=350357
2026-06-10T18:09:42Z  [TRAIN] gpu=26 %, 1971 MiB  | epoch  16/25  train 0.00344  val 0.00434  lr 1.04e-04  107.8s  <- best, saved
2026-06-10T18:11:42Z  [TRAIN] gpu=35 %, 1971 MiB  | epoch  17/25  train 0.00311  val 0.00419  lr 8.62e-05  107.1s  <- best, saved
2026-06-10T18:13:42Z  [TRAIN] gpu=26 %, 1971 MiB  | epoch  18/25  train 0.00282  val 0.00398  lr 6.97e-05  108.4s  <- best, saved
2026-06-10T18:15:42Z  [TRAIN] gpu=0 %, 1971 MiB  |   [eval epoch 10] 84/100 = 84.0%  (sel=96 grasp=96 place_on_top=84)
2026-06-10T18:17:42Z  [TRAIN] gpu=0 %, 1971 MiB  | epoch  21/25  train 0.00217  val 0.00355  lr 2.87e-05  107.1s  <- best, saved
2026-06-10T18:19:42Z  [TRAIN] gpu=71 %, 1971 MiB  | epoch  22/25  train 0.00204  val 0.00346  lr 1.86e-05  105.8s  <- best, saved
2026-06-10T18:21:42Z  [TRAIN] gpu=66 %, 1971 MiB  | epoch  23/25  train 0.00193  val 0.00343  lr 1.06e-05  106.4s  <- best, saved
2026-06-10T18:23:42Z  [TRAIN] gpu=29 %, 1971 MiB  | epoch  24/25  train 0.00186  val 0.00342  lr 4.81e-06  103.4s  <- best, saved
2026-06-10T18:25:43Z  [TRAIN] gpu=0 %, 1971 MiB  |   [eval epoch 15] 88/100 = 88.0%  (sel=96 grasp=96 place_on_top=88)
2026-06-10T18:27:43Z  [TRAIN] gpu=0 %, 1971 MiB  |   [eval epoch 15] 88/100 = 88.0%  (sel=96 grasp=96 place_on_top=88)
2026-06-10T18:29:43Z  [TRAIN] gpu=0 %, 1971 MiB  |   [eval epoch 15] 88/100 = 88.0%  (sel=96 grasp=96 place_on_top=88)
2026-06-10T18:31:43Z  [TRAIN] gpu=0 %, 1971 MiB  |   [eval epoch 20] 86/100 = 86.0%
2026-06-10T18:33:43Z  [TRAIN] gpu=0 %, 1971 MiB  |   [eval epoch 20] 86/100 = 86.0%
2026-06-10T18:35:43Z  [TRAIN] gpu=0 %, 1971 MiB  |   [eval epoch 20] 86/100 = 86.0%
2026-06-10T18:37:43Z  [TRAIN] gpu=0 %, 1971 MiB  | Done. Best val 0.00339 -> bc_cube_stack.pt
2026-06-10T18:39:43Z  [MERGE/POST-COLLECT] gpu=0 %, 0 MiB  | dataset_cube_stack.npz present
2026-06-10T18:41:43Z  [MERGE/POST-COLLECT] gpu=0 %, 0 MiB  | dataset_cube_stack.npz present
2026-06-10T18:43:43Z  [MERGE/POST-COLLECT] gpu=0 %, 0 MiB  | dataset_cube_stack.npz present
2026-06-10T18:45:43Z  [MERGE/POST-COLLECT] gpu=0 %, 0 MiB  | dataset_cube_stack.npz present
2026-06-10T18:47:43Z  [MERGE/POST-COLLECT] gpu=0 %, 0 MiB  | dataset_cube_stack.npz present
2026-06-10T18:49:43Z  [MERGE/POST-COLLECT] gpu=0 %, 0 MiB  | dataset_cube_stack.npz present
2026-06-10T18:51:43Z  [MERGE/POST-COLLECT] gpu=0 %, 0 MiB  | dataset_cube_stack.npz present
2026-06-10T18:53:43Z  [MERGE/POST-COLLECT] gpu=0 %, 0 MiB  | dataset_cube_stack.npz present
=== pipeline pid 331022 exited 2026-06-10T18:55:43Z ===
FINAL train tail:
epoch  15/25  train 0.00378  val 0.00480  lr 1.22e-04   99.4s  <- best, saved
  [eval epoch 15] launched bg subprocess pid=350357
epoch  16/25  train 0.00344  val 0.00434  lr 1.04e-04  107.8s  <- best, saved
epoch  17/25  train 0.00311  val 0.00419  lr 8.62e-05  107.1s  <- best, saved
epoch  18/25  train 0.00282  val 0.00398  lr 6.97e-05  108.4s  <- best, saved
epoch  19/25  train 0.00258  val 0.00375  lr 5.45e-05  101.5s  <- best, saved
  [eval epoch 10] 84/100 = 84.0%  (sel=96 grasp=96 place_on_top=84)
epoch  20/25  train 0.00237  val 0.00377  lr 4.07e-05   97.8s
  [eval epoch 20] launched bg subprocess pid=351519
epoch  21/25  train 0.00217  val 0.00355  lr 2.87e-05  107.1s  <- best, saved
epoch  22/25  train 0.00204  val 0.00346  lr 1.86e-05  105.8s  <- best, saved
epoch  23/25  train 0.00193  val 0.00343  lr 1.06e-05  106.4s  <- best, saved
epoch  24/25  train 0.00186  val 0.00342  lr 4.81e-06  103.4s  <- best, saved
epoch  25/25  train 0.00180  val 0.00339  lr 1.28e-06  101.2s  <- best, saved
  [eval epoch 25] launched bg subprocess pid=352661
  [eval epoch 15] 88/100 = 88.0%  (sel=96 grasp=96 place_on_top=88)
  [eval epoch 20] 86/100 = 86.0%
  [eval epoch 25] 91/100 = 91.0%

Done. Best val 0.00339 -> bc_cube_stack.pt
